Initialized native services in: C:\Users\Gowthami\.gradle\native
Initialized jansi services in: C:\Users\Gowthami\.gradle\native
To honour the JVM settings for this build a single-use Daemon process will be forked. For more on this, please refer to https://docs.gradle.org/8.13/userguide/gradle_daemon.html#sec:disabling_the_daemon in the Gradle documentation.
Starting process 'Gradle build daemon'. Working directory: C:\Users\Gowthami\.gradle\daemon\8.13 Command: C:\Program Files\Eclipse Adoptium\jdk-17.0.18.8-hotspot\bin\java.exe --add-opens=java.base/java.lang=ALL-UNNAMED --add-opens=java.base/java.lang.invoke=ALL-UNNAMED --add-opens=java.base/java.util=ALL-UNNAMED --add-opens=java.prefs/java.util.prefs=ALL-UNNAMED --add-exports=jdk.compiler/com.sun.tools.javac.api=ALL-UNNAMED --add-exports=jdk.compiler/com.sun.tools.javac.util=ALL-UNNAMED --add-opens=java.base/java.util=ALL-UNNAMED --add-opens=java.prefs/java.util.prefs=ALL-UNNAMED --add-opens=java.base/java.nio.charset=ALL-UNNAMED --add-opens=java.base/java.net=ALL-UNNAMED --add-opens=java.base/java.util.concurrent.atomic=ALL-UNNAMED --add-opens=java.xml/javax.xml.namespace=ALL-UNNAMED -Xmx2048m -Dfile.encoding=UTF-8 -Duser.country=IN -Duser.language=en -Duser.variant -cp C:\Users\Gowthami\.gradle\wrapper\dists\gradle-8.13-bin\5xuhj0ry160q40clulazy9h7d\gradle-8.13\lib\gradle-daemon-main-8.13.jar -javaagent:C:\Users\Gowthami\.gradle\wrapper\dists\gradle-8.13-bin\5xuhj0ry160q40clulazy9h7d\gradle-8.13\lib\agents\gradle-instrumentation-agent-8.13.jar org.gradle.launcher.daemon.bootstrap.GradleDaemon 8.13
Successfully started process 'Gradle build daemon'
An attempt to start the daemon took 8.385 secs.
The client will now receive all logging from the daemon (pid: 5752). The daemon log file: C:\Users\Gowthami\.gradle\daemon\8.13\daemon-5752.out.log
Daemon will be stopped at the end of the build 
Invalidating in-memory cache of C:\Users\Gowthami\.gradle\caches\8.13\fileHashes\resourceHashesCache.bin
Using 8 worker leases.
Received JVM installation metadata from 'C:\Program Files\Eclipse Adoptium\jdk-17.0.18.8-hotspot': {JAVA_HOME=C:\Program Files\Eclipse Adoptium\jdk-17.0.18.8-hotspot, JAVA_VERSION=17.0.18, JAVA_VENDOR=Eclipse Adoptium, RUNTIME_NAME=OpenJDK Runtime Environment, RUNTIME_VERSION=17.0.18+8, VM_NAME=OpenJDK 64-Bit Server VM, VM_VERSION=17.0.18+8, VM_VENDOR=Eclipse Adoptium, OS_ARCH=amd64}
Watching the file system is configured to be enabled if available
Now considering [C:\Users\Gowthami\RideSharingApplication] as hierarchies to watch
File system watching is active
Starting Build
Invalidating in-memory cache of C:\Users\Gowthami\.gradle\caches\8.13\fileHashes\fileHashes.bin
Invalidating in-memory cache of C:\Users\Gowthami\.gradle\caches\8.13\fileHashes\resourceHashesCache.bin
Invalidating in-memory cache of C:\Users\Gowthami\.gradle\caches\journal-1\file-access.bin
Invalidating in-memory cache of C:\Users\Gowthami\.gradle\caches\8.13\fileHashes\fileHashes.bin
Invalidating in-memory cache of C:\Users\Gowthami\.gradle\caches\8.13\fileHashes\resourceHashesCache.bin
Invalidating in-memory cache of C:\Users\Gowthami\.gradle\caches\journal-1\file-access.bin
Settings evaluated using settings file 'C:\Users\Gowthami\RideSharingApplication\settings.gradle.kts'.
Projects loaded. Root project using build file 'C:\Users\Gowthami\RideSharingApplication\build.gradle.kts'.
Included projects: [root project 'Ride SharingApplication', project ':app']

> Configure project :
Evaluating root project 'Ride SharingApplication' using build file 'C:\Users\Gowthami\RideSharingApplication\build.gradle.kts'.
Invalidating in-memory cache of C:\Users\Gowthami\.gradle\caches\8.13\fileHashes\fileHashes.bin
Invalidating in-memory cache of C:\Users\Gowthami\.gradle\caches\8.13\fileHashes\resourceHashesCache.bin
Resolved plugin [id: 'com.android.application', version: '8.13.2', apply: false]
Resolved plugin [id: 'org.jetbrains.kotlin.android', version: '2.0.21', apply: false]
Resolved plugin [id: 'org.jetbrains.kotlin.plugin.compose', version: '2.0.21', apply: false]
Resolved plugin [id: 'com.google.devtools.ksp', version: '2.0.21-1.0.28', apply: false]
Resolved plugin [id: 'com.google.dagger.hilt.android', version: '2.57.2', apply: false]
Resolved plugin [id: 'com.google.gms.google-services', version: '4.4.2', apply: false]

> Configure project :app
Evaluating project ':app' using build file 'C:\Users\Gowthami\RideSharingApplication\app\build.gradle.kts'.
Resolved plugin [id: 'com.android.application', version: '8.13.2']
Resolved plugin [id: 'org.jetbrains.kotlin.android', version: '2.0.21']
Resolved plugin [id: 'org.jetbrains.kotlin.plugin.compose', version: '2.0.21']
Resolved plugin [id: 'com.google.devtools.ksp', version: '2.0.21-1.0.28']
Resolved plugin [id: 'com.google.dagger.hilt.android', version: '2.57.2']
Resolved plugin [id: 'com.google.gms.google-services', version: '4.4.2']
Using default execution profile
Using Kotlin Gradle Plugin gradle85 variant
Invalidating in-memory cache of C:\Users\Gowthami\.gradle\caches\8.13\fileHashes\fileHashes.bin
Invalidating in-memory cache of C:\Users\Gowthami\.gradle\caches\8.13\fileHashes\resourceHashesCache.bin
Invalidating in-memory cache of C:\Users\Gowthami\.gradle\caches\journal-1\file-access.bin
Invalidating in-memory cache of C:\Users\Gowthami\.gradle\caches\journal-1\file-access.bin
Detected Android Gradle Plugin compose compiler configuration
Detected Android Gradle Plugin compose compiler configuration
Detected Android Gradle Plugin compose compiler configuration
Detected Android Gradle Plugin compose compiler configuration
Detected Android Gradle Plugin compose compiler configuration
All projects evaluated.
Task name matched 'assembleDebug'
Selected primary task 'assembleDebug' from project :
Adding -Xuse-inline-scopes-numbers Kotlin compiler flag for task :app:compileDebugKotlin
Tasks to be executed: [task ':app:preBuild', task ':app:preDebugBuild', task ':app:mergeDebugNativeDebugMetadata', task ':app:checkKotlinGradlePluginConfigurationErrors', task ':app:checkDebugAarMetadata', task ':app:processDebugNavigationResources', task ':app:compileDebugNavigationResources', task ':app:generateDebugResValues', task ':app:processDebugGoogleServices', task ':app:mapDebugSourceSetPaths', task ':app:generateDebugResources', task ':app:mergeDebugResources', task ':app:packageDebugResources', task ':app:parseDebugLocalResources', task ':app:createDebugCompatibleScreenManifests', task ':app:extractDeepLinksDebug', task ':app:processDebugMainManifest', task ':app:processDebugManifest', task ':app:processDebugManifestForPackage', task ':app:processDebugResources', task ':app:kspDebugKotlin', task ':app:compileDebugKotlin', task ':app:javaPreCompileDebug', task ':app:compileDebugJavaWithJavac', task ':app:mergeDebugShaders', task ':app:compileDebugShaders', task ':app:generateDebugAssets', task ':app:mergeDebugAssets', task ':app:compressDebugAssets', task ':app:hiltAggregateDepsDebug', task ':app:hiltJavaCompileDebug', task ':app:processDebugJavaRes', task ':app:mergeDebugJavaResource', task ':app:checkDebugDuplicateClasses', task ':app:desugarDebugFileDependencies', task ':app:mergeExtDexDebug', task ':app:mergeLibDexDebug', task ':app:transformDebugClassesWithAsm', task ':app:dexBuilderDebug', task ':app:mergeProjectDexDebug', task ':app:mergeDebugJniLibFolders', task ':app:mergeDebugNativeLibs', task ':app:stripDebugDebugSymbols', task ':app:validateSigningDebug', task ':app:writeDebugAppMetadata', task ':app:writeDebugSigningConfigVersions', task ':app:packageDebug', task ':app:createDebugApkListingFileRedirect', task ':app:assembleDebug']
Tasks that were excluded: []
Resolve mutations for :app:preBuild (Thread[included builds,5,main]) started.
:app:preBuild (Thread[Execution worker Thread 5,5,main]) started.

> Task :app:preBuild UP-TO-DATE
Skipping task ':app:preBuild' as it has no actions.
Resolve mutations for :app:preDebugBuild (Thread[included builds,5,main]) started.
:app:preDebugBuild (Thread[included builds,5,main]) started.

> Task :app:preDebugBuild UP-TO-DATE
Skipping task ':app:preDebugBuild' as it has no actions.
Resolve mutations for :app:mergeDebugNativeDebugMetadata (Thread[Execution worker Thread 5,5,main]) started.
:app:mergeDebugNativeDebugMetadata (Thread[included builds,5,main]) started.

> Task :app:mergeDebugNativeDebugMetadata NO-SOURCE
Skipping task ':app:mergeDebugNativeDebugMetadata' as it has no source files and no previous output files.
Resolve mutations for :app:checkKotlinGradlePluginConfigurationErrors (Thread[included builds,5,main]) started.
:app:checkKotlinGradlePluginConfigurationErrors (Thread[included builds,5,main]) started.

> Task :app:checkKotlinGradlePluginConfigurationErrors SKIPPED
Skipping task ':app:checkKotlinGradlePluginConfigurationErrors' as task onlyIf 'errorDiagnostics are present' is false.
Resolve mutations for :app:checkDebugAarMetadata (Thread[included builds,5,main]) started.
:app:checkDebugAarMetadata (Thread[Execution worker Thread 5,5,main]) started.

> Task :app:checkDebugAarMetadata
Invalidating in-memory cache of C:\Users\Gowthami\.gradle\caches\journal-1\file-access.bin
Caching disabled for task ':app:checkDebugAarMetadata' because:
  Build cache is disabled
  Caching has been disabled for the task
Skipping task ':app:checkDebugAarMetadata' as it is up-to-date.

> Task :app:checkDebugAarMetadata UP-TO-DATE
Resolve mutations for :app:processDebugNavigationResources (Thread[Execution worker Thread 5,5,main]) started.
:app:processDebugNavigationResources (Thread[Execution worker Thread 5,5,main]) started.

> Task :app:processDebugNavigationResources UP-TO-DATE
Invalidating in-memory cache of C:\Users\Gowthami\RideSharingApplication\.gradle\8.13\fileHashes\fileHashes.bin
Invalidating in-memory cache of C:\Users\Gowthami\RideSharingApplication\.gradle\8.13\fileHashes\resourceHashesCache.bin
Caching disabled for task ':app:processDebugNavigationResources' because:
  Build cache is disabled
Skipping task ':app:processDebugNavigationResources' as it is up-to-date.
Resolve mutations for :app:compileDebugNavigationResources (Thread[Execution worker Thread 5,5,main]) started.
:app:compileDebugNavigationResources (Thread[Execution worker Thread 5,5,main]) started.

> Task :app:compileDebugNavigationResources UP-TO-DATE
Caching disabled for task ':app:compileDebugNavigationResources' because:
  Build cache is disabled
Skipping task ':app:compileDebugNavigationResources' as it is up-to-date.
Resolve mutations for :app:generateDebugResValues (Thread[Execution worker Thread 5,5,main]) started.
:app:generateDebugResValues (Thread[Execution worker Thread 5,5,main]) started.

> Task :app:generateDebugResValues UP-TO-DATE
Caching disabled for task ':app:generateDebugResValues' because:
  Build cache is disabled
Skipping task ':app:generateDebugResValues' as it is up-to-date.
Resolve mutations for :app:processDebugGoogleServices (Thread[Execution worker Thread 5,5,main]) started.
:app:processDebugGoogleServices (Thread[Execution worker Thread 5,5,main]) started.

> Task :app:processDebugGoogleServices UP-TO-DATE
Caching disabled for task ':app:processDebugGoogleServices' because:
  Build cache is disabled
Skipping task ':app:processDebugGoogleServices' as it is up-to-date.
Resolve mutations for :app:mapDebugSourceSetPaths (Thread[Execution worker Thread 5,5,main]) started.
:app:mapDebugSourceSetPaths (Thread[Execution worker Thread 5,5,main]) started.

> Task :app:mapDebugSourceSetPaths UP-TO-DATE
Caching disabled for task ':app:mapDebugSourceSetPaths' because:
  Build cache is disabled
  Caching has been disabled for the task
Skipping task ':app:mapDebugSourceSetPaths' as it is up-to-date.
Resolve mutations for :app:generateDebugResources (Thread[Execution worker Thread 5,5,main]) started.
:app:generateDebugResources (Thread[Execution worker Thread 5,5,main]) started.

> Task :app:generateDebugResources UP-TO-DATE
Caching disabled for task ':app:generateDebugResources' because:
  Build cache is disabled
Skipping task ':app:generateDebugResources' as it is up-to-date.
Resolve mutations for :app:mergeDebugResources (Thread[Execution worker Thread 5,5,main]) started.
:app:mergeDebugResources (Thread[Execution worker Thread 5,5,main]) started.

> Task :app:mergeDebugResources UP-TO-DATE
Caching disabled for task ':app:mergeDebugResources' because:
  Build cache is disabled
Skipping task ':app:mergeDebugResources' as it is up-to-date.
Resolve mutations for :app:packageDebugResources (Thread[Execution worker Thread 5,5,main]) started.
:app:packageDebugResources (Thread[Execution worker Thread 5,5,main]) started.

> Task :app:packageDebugResources UP-TO-DATE
Caching disabled for task ':app:packageDebugResources' because:
  Build cache is disabled
Skipping task ':app:packageDebugResources' as it is up-to-date.
Resolve mutations for :app:parseDebugLocalResources (Thread[Execution worker Thread 5,5,main]) started.
:app:parseDebugLocalResources (Thread[Execution worker Thread 5,5,main]) started.

> Task :app:parseDebugLocalResources UP-TO-DATE
Caching disabled for task ':app:parseDebugLocalResources' because:
  Build cache is disabled
Skipping task ':app:parseDebugLocalResources' as it is up-to-date.
Resolve mutations for :app:createDebugCompatibleScreenManifests (Thread[Execution worker Thread 5,5,main]) started.
:app:createDebugCompatibleScreenManifests (Thread[Execution worker Thread 5,5,main]) started.

> Task :app:createDebugCompatibleScreenManifests UP-TO-DATE
Caching disabled for task ':app:createDebugCompatibleScreenManifests' because:
  Build cache is disabled
  Caching has been disabled for the task
Skipping task ':app:createDebugCompatibleScreenManifests' as it is up-to-date.
Resolve mutations for :app:extractDeepLinksDebug (Thread[Execution worker Thread 5,5,main]) started.
:app:extractDeepLinksDebug (Thread[Execution worker Thread 5,5,main]) started.

> Task :app:extractDeepLinksDebug UP-TO-DATE
Caching disabled for task ':app:extractDeepLinksDebug' because:
  Build cache is disabled
Skipping task ':app:extractDeepLinksDebug' as it is up-to-date.
Resolve mutations for :app:processDebugMainManifest (Thread[Execution worker Thread 5,5,main]) started.
:app:processDebugMainManifest (Thread[Execution worker Thread 5,5,main]) started.

> Task :app:processDebugMainManifest UP-TO-DATE
Caching disabled for task ':app:processDebugMainManifest' because:
  Build cache is disabled
Skipping task ':app:processDebugMainManifest' as it is up-to-date.
Resolve mutations for :app:processDebugManifest (Thread[Execution worker Thread 5,5,main]) started.
:app:processDebugManifest (Thread[Execution worker Thread 5,5,main]) started.

> Task :app:processDebugManifest UP-TO-DATE
Caching disabled for task ':app:processDebugManifest' because:
  Build cache is disabled
Skipping task ':app:processDebugManifest' as it is up-to-date.
Resolve mutations for :app:processDebugManifestForPackage (Thread[Execution worker Thread 5,5,main]) started.
:app:processDebugManifestForPackage (Thread[included builds,5,main]) started.

> Task :app:processDebugManifestForPackage UP-TO-DATE
Custom actions are attached to task ':app:processDebugManifestForPackage'.
Caching disabled for task ':app:processDebugManifestForPackage' because:
  Build cache is disabled
Skipping task ':app:processDebugManifestForPackage' as it is up-to-date.
Resolve mutations for :app:processDebugResources (Thread[included builds,5,main]) started.
:app:processDebugResources (Thread[Execution worker Thread 5,5,main]) started.

> Task :app:processDebugResources UP-TO-DATE
Registered task dependencies: app:debugCompileClasspath
Skipping misunderstood TO dep string: androidx.compose.ui:ui-tooling
Skipping misunderstood TO dep string: org.jetbrains.kotlin:kotlin-stdlib
Skipping misunderstood TO dep string: org.jetbrains.kotlin:kotlin-stdlib
Skipping misunderstood TO dep string: org.jetbrains.kotlin:kotlin-stdlib
Skipping misunderstood TO dep string: org.jetbrains.kotlin:kotlin-stdlib
Skipping misunderstood TO dep string: org.jetbrains.kotlin:kotlin-stdlib
Skipping misunderstood TO dep string: org.jetbrains.kotlin:kotlin-stdlib
Skipping misunderstood TO dep string: androidx.compose.ui:ui-test-manifest
Skipping misunderstood TO dep string: androidx.compose.ui:ui
Skipping misunderstood TO dep string: androidx.compose.ui:ui-graphics
Skipping misunderstood TO dep string: androidx.compose.ui:ui-tooling-preview
Skipping misunderstood TO dep string: androidx.compose.material3:material3
Skipping misunderstood TO dep string: androidx.compose.material:material-icons-extended
Skipping misunderstood TO dep string: org.jetbrains.kotlin:kotlin-stdlib
Skipping misunderstood TO dep string: org.jetbrains.kotlin:kotlin-stdlib
Skipping misunderstood TO dep string: org.jetbrains.kotlin:kotlin-stdlib
Skipping misunderstood TO dep string: org.jetbrains.kotlin:kotlin-stdlib
Skipping misunderstood TO dep string: org.jetbrains.kotlin:kotlin-stdlib
Skipping misunderstood TO dep string: org.jetbrains.kotlin:kotlin-stdlib
Skipping misunderstood TO dep string: org.jetbrains.kotlin:kotlin-stdlib
Skipping misunderstood TO dep string: org.jetbrains.kotlin:kotlin-stdlib
Skipping misunderstood TO dep string: org.jetbrains.kotlin:kotlin-stdlib
Skipping misunderstood TO dep string: com.google.firebase:firebase-auth
Starting dependency analysis
Caching disabled for task ':app:processDebugResources' because:
  Build cache is disabled
Skipping task ':app:processDebugResources' as it is up-to-date.
Resolve mutations for :app:kspDebugKotlin (Thread[Execution worker Thread 5,5,main]) started.
:app:kspDebugKotlin (Thread[Execution worker,5,main]) started.

> Task :app:kspDebugKotlin UP-TO-DATE
file or directory 'C:\Users\Gowthami\RideSharingApplication\app\src\debug\kotlin', not found
file or directory 'C:\Users\Gowthami\RideSharingApplication\app\src\debug\java', not found
file or directory 'C:\Users\Gowthami\RideSharingApplication\app\src\main\kotlin', not found
file or directory 'C:\Users\Gowthami\RideSharingApplication\app\src\debug\java', not found
Adding -Xuse-inline-scopes-numbers Kotlin compiler flag for task :app:compileDebugAndroidTestKotlin
GradleBuildProject.Builder should not be accessed through AnalyticsConfiguratorService after AnalyticsService is created. Analytics information of this build might be incomplete.
Registered task dependencies: app:kotlinCompilerClasspath
Starting dependency analysis
file or directory 'C:\Users\Gowthami\RideSharingApplication\app\src\debug\kotlin', not found
file or directory 'C:\Users\Gowthami\RideSharingApplication\app\src\debug\java', not found
file or directory 'C:\Users\Gowthami\RideSharingApplication\app\src\main\kotlin', not found
file or directory 'C:\Users\Gowthami\RideSharingApplication\app\src\debug\java', not found
Caching disabled for task ':app:kspDebugKotlin' because:
  Build cache is disabled
Skipping task ':app:kspDebugKotlin' as it is up-to-date.
Resolve mutations for :app:compileDebugKotlin (Thread[Execution worker,5,main]) started.
:app:compileDebugKotlin (Thread[Execution worker,5,main]) started.
Resolve mutations for :app:javaPreCompileDebug (Thread[included builds,5,main]) started.
:app:javaPreCompileDebug (Thread[included builds,5,main]) started.

> Task :app:javaPreCompileDebug UP-TO-DATE
Registered task dependencies: app:_agp_internal_javaPreCompileDebug_kspClasspath
Skipping misunderstood TO dep string: org.jetbrains.kotlin:kotlin-stdlib
Skipping misunderstood TO dep string: org.jetbrains.kotlin:kotlin-stdlib
Skipping misunderstood TO dep string: org.jetbrains.kotlin:kotlin-stdlib
Skipping misunderstood TO dep string: org.jetbrains.kotlin:kotlin-stdlib
Starting dependency analysis
Caching disabled for task ':app:javaPreCompileDebug' because:
  Build cache is disabled
Skipping task ':app:javaPreCompileDebug' as it is up-to-date.
Resolve mutations for :app:mergeDebugShaders (Thread[included builds,5,main]) started.
:app:mergeDebugShaders (Thread[included builds,5,main]) started.

> Task :app:mergeDebugShaders UP-TO-DATE
Caching disabled for task ':app:mergeDebugShaders' because:
  Build cache is disabled
  Simple merging task
Skipping task ':app:mergeDebugShaders' as it is up-to-date.
Resolve mutations for :app:compileDebugShaders (Thread[included builds,5,main]) started.
:app:compileDebugShaders (Thread[included builds,5,main]) started.

> Task :app:compileDebugShaders NO-SOURCE
Skipping task ':app:compileDebugShaders' as it has no source files and no previous output files.
Resolve mutations for :app:generateDebugAssets (Thread[included builds,5,main]) started.
:app:generateDebugAssets (Thread[Execution worker Thread 2,5,main]) started.

> Task :app:generateDebugAssets UP-TO-DATE
Skipping task ':app:generateDebugAssets' as it has no actions.
Resolve mutations for :app:mergeDebugAssets (Thread[Execution worker Thread 2,5,main]) started.
:app:mergeDebugAssets (Thread[Execution worker Thread 2,5,main]) started.

> Task :app:mergeDebugAssets UP-TO-DATE
Caching disabled for task ':app:mergeDebugAssets' because:
  Build cache is disabled
  Simple merging task
Skipping task ':app:mergeDebugAssets' as it is up-to-date.
Resolve mutations for :app:compressDebugAssets (Thread[Execution worker Thread 2,5,main]) started.
:app:compressDebugAssets (Thread[Execution worker Thread 2,5,main]) started.

> Task :app:compressDebugAssets UP-TO-DATE
Caching disabled for task ':app:compressDebugAssets' because:
  Build cache is disabled
Skipping task ':app:compressDebugAssets' as it is up-to-date.
Resolve mutations for :app:checkDebugDuplicateClasses (Thread[Execution worker Thread 2,5,main]) started.
:app:checkDebugDuplicateClasses (Thread[Execution worker Thread 2,5,main]) started.

> Task :app:compileDebugKotlin
Registered task dependencies: app:kotlinCompilerPluginClasspathDebug
Starting dependency analysis
Caching disabled for task ':app:compileDebugKotlin' because:
  Build cache is disabled
Task ':app:compileDebugKotlin' is not up-to-date because:
  Task has failed previously.
The input changes require a full rebuild for incremental task ':app:compileDebugKotlin'.
file or directory 'C:\Users\Gowthami\RideSharingApplication\app\src\debug\kotlin', not found
file or directory 'C:\Users\Gowthami\RideSharingApplication\app\src\debug\java', not found
file or directory 'C:\Users\Gowthami\RideSharingApplication\app\src\debug\kotlin', not found
file or directory 'C:\Users\Gowthami\RideSharingApplication\app\src\debug\java', not found
file or directory 'C:\Users\Gowthami\RideSharingApplication\app\src\debug\kotlin', not found
file or directory 'C:\Users\Gowthami\RideSharingApplication\app\src\debug\java', not found
file or directory 'C:\Users\Gowthami\RideSharingApplication\app\src\main\kotlin', not found
file or directory 'C:\Users\Gowthami\RideSharingApplication\app\src\main\kotlin', not found
file or directory 'C:\Users\Gowthami\RideSharingApplication\app\src\main\kotlin', not found
file or directory 'C:\Users\Gowthami\RideSharingApplication\app\src\debug\java', not found
file or directory 'C:\Users\Gowthami\RideSharingApplication\app\src\debug\kotlin', not found
file or directory 'C:\Users\Gowthami\RideSharingApplication\app\src\debug\java', not found
file or directory 'C:\Users\Gowthami\RideSharingApplication\app\src\debug\kotlin', not found
file or directory 'C:\Users\Gowthami\RideSharingApplication\app\src\debug\java', not found
file or directory 'C:\Users\Gowthami\RideSharingApplication\app\src\debug\kotlin', not found
file or directory 'C:\Users\Gowthami\RideSharingApplication\app\src\debug\java', not found
file or directory 'C:\Users\Gowthami\RideSharingApplication\app\src\debug\kotlin', not found
file or directory 'C:\Users\Gowthami\RideSharingApplication\app\src\debug\java', not found
file or directory 'C:\Users\Gowthami\RideSharingApplication\app\src\debug\kotlin', not found
file or directory 'C:\Users\Gowthami\RideSharingApplication\app\src\debug\java', not found
file or directory 'C:\Users\Gowthami\RideSharingApplication\app\src\debug\kotlin', not found
file or directory 'C:\Users\Gowthami\RideSharingApplication\app\src\debug\java', not found
file or directory 'C:\Users\Gowthami\RideSharingApplication\app\src\main\kotlin', not found
file or directory 'C:\Users\Gowthami\RideSharingApplication\app\src\main\kotlin', not found
file or directory 'C:\Users\Gowthami\RideSharingApplication\app\src\main\kotlin', not found
file or directory 'C:\Users\Gowthami\RideSharingApplication\app\src\debug\java', not found
file or directory 'C:\Users\Gowthami\RideSharingApplication\app\src\debug\kotlin', not found
file or directory 'C:\Users\Gowthami\RideSharingApplication\app\src\debug\java', not found
file or directory 'C:\Users\Gowthami\RideSharingApplication\app\src\debug\kotlin', not found
file or directory 'C:\Users\Gowthami\RideSharingApplication\app\src\debug\java', not found
file or directory 'C:\Users\Gowthami\RideSharingApplication\app\src\debug\kotlin', not found
file or directory 'C:\Users\Gowthami\RideSharingApplication\app\src\debug\java', not found
file or directory 'C:\Users\Gowthami\RideSharingApplication\app\src\main\kotlin', not found
file or directory 'C:\Users\Gowthami\RideSharingApplication\app\src\main\kotlin', not found
file or directory 'C:\Users\Gowthami\RideSharingApplication\app\src\main\kotlin', not found
file or directory 'C:\Users\Gowthami\RideSharingApplication\app\src\debug\java', not found
file or directory 'C:\Users\Gowthami\RideSharingApplication\app\src\debug\kotlin', not found
file or directory 'C:\Users\Gowthami\RideSharingApplication\app\src\debug\java', not found
file or directory 'C:\Users\Gowthami\RideSharingApplication\app\src\debug\kotlin', not found
file or directory 'C:\Users\Gowthami\RideSharingApplication\app\src\debug\java', not found
file or directory 'C:\Users\Gowthami\RideSharingApplication\app\src\debug\kotlin', not found
file or directory 'C:\Users\Gowthami\RideSharingApplication\app\src\debug\java', not found
file or directory 'C:\Users\Gowthami\RideSharingApplication\app\src\main\kotlin', not found
file or directory 'C:\Users\Gowthami\RideSharingApplication\app\src\main\kotlin', not found
file or directory 'C:\Users\Gowthami\RideSharingApplication\app\src\main\kotlin', not found
file or directory 'C:\Users\Gowthami\RideSharingApplication\app\src\debug\java', not found
Kotlin source files: C:\Users\Gowthami\RideSharingApplication\app\build\generated\ksp\debug\kotlin\com\example\ridesharingapplication\data\local\dao\DriverDao_Impl.kt, C:\Users\Gowthami\RideSharingApplication\app\build\generated\ksp\debug\kotlin\com\example\ridesharingapplication\data\local\dao\RideDao_Impl.kt, C:\Users\Gowthami\RideSharingApplication\app\build\generated\ksp\debug\kotlin\com\example\ridesharingapplication\data\local\dao\SavedLocationDao_Impl.kt, C:\Users\Gowthami\RideSharingApplication\app\build\generated\ksp\debug\kotlin\com\example\ridesharingapplication\data\local\dao\UserDao_Impl.kt, C:\Users\Gowthami\RideSharingApplication\app\build\generated\ksp\debug\kotlin\com\example\ridesharingapplication\data\local\RideShareDatabase_Impl.kt, C:\Users\Gowthami\RideSharingApplication\app\src\main\java\com\example\ridesharingapplication\data\local\dao\DriverDao.kt, C:\Users\Gowthami\RideSharingApplication\app\src\main\java\com\example\ridesharingapplication\data\local\dao\RideDao.kt, C:\Users\Gowthami\RideSharingApplication\app\src\main\java\com\example\ridesharingapplication\data\local\dao\SavedLocationDao.kt, C:\Users\Gowthami\RideSharingApplication\app\src\main\java\com\example\ridesharingapplication\data\local\dao\UserDao.kt, C:\Users\Gowthami\RideSharingApplication\app\src\main\java\com\example\ridesharingapplication\data\local\datastore\SessionManager.kt, C:\Users\Gowthami\RideSharingApplication\app\src\main\java\com\example\ridesharingapplication\data\local\entity\DriverEntity.kt, C:\Users\Gowthami\RideSharingApplication\app\src\main\java\com\example\ridesharingapplication\data\local\entity\RideEntity.kt, C:\Users\Gowthami\RideSharingApplication\app\src\main\java\com\example\ridesharingapplication\data\local\entity\SavedLocationEntity.kt, C:\Users\Gowthami\RideSharingApplication\app\src\main\java\com\example\ridesharingapplication\data\local\entity\UserEntity.kt, C:\Users\Gowthami\RideSharingApplication\app\src\main\java\com\example\ridesharingapplication\data\local\RideShareDatabase.kt, C:\Users\Gowthami\RideSharingApplication\app\src\main\java\com\example\ridesharingapplication\data\repository\AuthRepositoryImpl.kt, C:\Users\Gowthami\RideSharingApplication\app\src\main\java\com\example\ridesharingapplication\data\repository\RideRepositoryImpl.kt, C:\Users\Gowthami\RideSharingApplication\app\src\main\java\com\example\ridesharingapplication\di\AppModule.kt, C:\Users\Gowthami\RideSharingApplication\app\src\main\java\com\example\ridesharingapplication\domain\model\AuthResult.kt, C:\Users\Gowthami\RideSharingApplication\app\src\main\java\com\example\ridesharingapplication\domain\model\DriverProfile.kt, C:\Users\Gowthami\RideSharingApplication\app\src\main\java\com\example\ridesharingapplication\domain\model\RideType.kt, C:\Users\Gowthami\RideSharingApplication\app\src\main\java\com\example\ridesharingapplication\domain\repository\AuthRepository.kt, C:\Users\Gowthami\RideSharingApplication\app\src\main\java\com\example\ridesharingapplication\domain\repository\RideRepository.kt, C:\Users\Gowthami\RideSharingApplication\app\src\main\java\com\example\ridesharingapplication\domain\usecase\AuthUseCases.kt, C:\Users\Gowthami\RideSharingApplication\app\src\main\java\com\example\ridesharingapplication\MainActivity.kt, C:\Users\Gowthami\RideSharingApplication\app\src\main\java\com\example\ridesharingapplication\presentation\components\PremiumComponents.kt, C:\Users\Gowthami\RideSharingApplication\app\src\main\java\com\example\ridesharingapplication\presentation\navigation\AppNavGraph.kt, C:\Users\Gowthami\RideSharingApplication\app\src\main\java\com\example\ridesharingapplication\presentation\navigation\AppRoutes.kt, C:\Users\Gowthami\RideSharingApplication\app\src\main\java\com\example\ridesharingapplication\presentation\screens\AuthScreens.kt, C:\Users\Gowthami\RideSharingApplication\app\src\main\java\com\example\ridesharingapplication\presentation\screens\RideScreens.kt, C:\Users\Gowthami\RideSharingApplication\app\src\main\java\com\example\ridesharingapplication\presentation\viewmodel\AuthViewModel.kt, C:\Users\Gowthami\RideSharingApplication\app\src\main\java\com\example\ridesharingapplication\presentation\viewmodel\RideViewModel.kt, C:\Users\Gowthami\RideSharingApplication\app\src\main\java\com\example\ridesharingapplication\RideShareApplication.kt, C:\Users\Gowthami\RideSharingApplication\app\src\main\java\com\example\ridesharingapplication\ui\theme\Color.kt, C:\Users\Gowthami\RideSharingApplication\app\src\main\java\com\example\ridesharingapplication\ui\theme\Theme.kt, C:\Users\Gowthami\RideSharingApplication\app\src\main\java\com\example\ridesharingapplication\ui\theme\Type.kt, C:\Users\Gowthami\RideSharingApplication\app\src\main\java\com\example\ridesharingapplication\utils\PasswordHasher.kt
Java source files: C:\Users\Gowthami\RideSharingApplication\app\build\generated\ksp\debug\java\com\example\ridesharingapplication\data\local\datastore\SessionManager_Factory.java, C:\Users\Gowthami\RideSharingApplication\app\build\generated\ksp\debug\java\com\example\ridesharingapplication\data\repository\AuthRepositoryImpl_Factory.java, C:\Users\Gowthami\RideSharingApplication\app\build\generated\ksp\debug\java\com\example\ridesharingapplication\data\repository\RideRepositoryImpl_Factory.java, C:\Users\Gowthami\RideSharingApplication\app\build\generated\ksp\debug\java\com\example\ridesharingapplication\di\DatabaseModule_ProvideDatabaseFactory.java, C:\Users\Gowthami\RideSharingApplication\app\build\generated\ksp\debug\java\com\example\ridesharingapplication\di\DatabaseModule_ProvideDriverDaoFactory.java, C:\Users\Gowthami\RideSharingApplication\app\build\generated\ksp\debug\java\com\example\ridesharingapplication\di\DatabaseModule_ProvideRideDaoFactory.java, C:\Users\Gowthami\RideSharingApplication\app\build\generated\ksp\debug\java\com\example\ridesharingapplication\di\DatabaseModule_ProvideSavedLocationDaoFactory.java, C:\Users\Gowthami\RideSharingApplication\app\build\generated\ksp\debug\java\com\example\ridesharingapplication\di\DatabaseModule_ProvideUserDaoFactory.java, C:\Users\Gowthami\RideSharingApplication\app\build\generated\ksp\debug\java\com\example\ridesharingapplication\domain\usecase\AuthUseCases_Factory.java, C:\Users\Gowthami\RideSharingApplication\app\build\generated\ksp\debug\java\com\example\ridesharingapplication\Hilt_MainActivity.java, C:\Users\Gowthami\RideSharingApplication\app\build\generated\ksp\debug\java\com\example\ridesharingapplication\MainActivity_GeneratedInjector.java, C:\Users\Gowthami\RideSharingApplication\app\build\generated\ksp\debug\java\com\example\ridesharingapplication\presentation\viewmodel\AuthViewModel_Factory.java, C:\Users\Gowthami\RideSharingApplication\app\build\generated\ksp\debug\java\com\example\ridesharingapplication\presentation\viewmodel\AuthViewModel_HiltModules.java, C:\Users\Gowthami\RideSharingApplication\app\build\generated\ksp\debug\java\com\example\ridesharingapplication\presentation\viewmodel\AuthViewModel_HiltModules_BindsModule_Binds_LazyMapKey.java, C:\Users\Gowthami\RideSharingApplication\app\build\generated\ksp\debug\java\com\example\ridesharingapplication\presentation\viewmodel\AuthViewModel_HiltModules_KeyModule_ProvideFactory.java, C:\Users\Gowthami\RideSharingApplication\app\build\generated\ksp\debug\java\com\example\ridesharingapplication\presentation\viewmodel\AuthViewModel_HiltModules_KeyModule_Provide_LazyMapKey.java, C:\Users\Gowthami\RideSharingApplication\app\build\generated\ksp\debug\java\com\example\ridesharingapplication\presentation\viewmodel\RideViewModel_Factory.java, C:\Users\Gowthami\RideSharingApplication\app\build\generated\ksp\debug\java\com\example\ridesharingapplication\presentation\viewmodel\RideViewModel_HiltModules.java, C:\Users\Gowthami\RideSharingApplication\app\build\generated\ksp\debug\java\com\example\ridesharingapplication\presentation\viewmodel\RideViewModel_HiltModules_BindsModule_Binds_LazyMapKey.java, C:\Users\Gowthami\RideSharingApplication\app\build\generated\ksp\debug\java\com\example\ridesharingapplication\presentation\viewmodel\RideViewModel_HiltModules_KeyModule_ProvideFactory.java, C:\Users\Gowthami\RideSharingApplication\app\build\generated\ksp\debug\java\com\example\ridesharingapplication\presentation\viewmodel\RideViewModel_HiltModules_KeyModule_Provide_LazyMapKey.java, C:\Users\Gowthami\RideSharingApplication\app\build\generated\ksp\debug\java\com\example\ridesharingapplication\RideShareApplication_GeneratedInjector.java, C:\Users\Gowthami\RideSharingApplication\app\build\generated\ksp\debug\java\dagger\hilt\internal\aggregatedroot\codegen\_com_example_ridesharingapplication_RideShareApplication.java, C:\Users\Gowthami\RideSharingApplication\app\build\generated\ksp\debug\java\hilt_aggregated_deps\_com_example_ridesharingapplication_di_DatabaseModule.java, C:\Users\Gowthami\RideSharingApplication\app\build\generated\ksp\debug\java\hilt_aggregated_deps\_com_example_ridesharingapplication_di_RepositoryModule.java, C:\Users\Gowthami\RideSharingApplication\app\build\generated\ksp\debug\java\hilt_aggregated_deps\_com_example_ridesharingapplication_MainActivity_GeneratedInjector.java, C:\Users\Gowthami\RideSharingApplication\app\build\generated\ksp\debug\java\hilt_aggregated_deps\_com_example_ridesharingapplication_presentation_viewmodel_AuthViewModel_HiltModules_BindsModule.java, C:\Users\Gowthami\RideSharingApplication\app\build\generated\ksp\debug\java\hilt_aggregated_deps\_com_example_ridesharingapplication_presentation_viewmodel_AuthViewModel_HiltModules_KeyModule.java, C:\Users\Gowthami\RideSharingApplication\app\build\generated\ksp\debug\java\hilt_aggregated_deps\_com_example_ridesharingapplication_presentation_viewmodel_RideViewModel_HiltModules_BindsModule.java, C:\Users\Gowthami\RideSharingApplication\app\build\generated\ksp\debug\java\hilt_aggregated_deps\_com_example_ridesharingapplication_presentation_viewmodel_RideViewModel_HiltModules_KeyModule.java, C:\Users\Gowthami\RideSharingApplication\app\build\generated\ksp\debug\java\hilt_aggregated_deps\_com_example_ridesharingapplication_RideShareApplication_GeneratedInjector.java
Script source files: 
Script file extensions: 
Using Kotlin/JVM incremental compilation
[KOTLIN] Kotlin compilation 'jdkHome' argument: null
Options for KOTLIN DAEMON: IncrementalCompilationOptions(super=CompilationOptions(compilerMode=INCREMENTAL_COMPILER, targetPlatform=JVM, reportCategories=[0, 3], reportSeverity=2, requestedCompilationResults=[0], kotlinScriptExtensions=[]), areFileChangesKnown=false, modifiedFiles=null, deletedFiles=null, classpathChanges=NotAvailableForNonIncrementalRun, workingDir=C:\Users\Gowthami\RideSharingApplication\app\build\kotlin\compileDebugKotlin\cacheable, multiModuleICSettings=MultiModuleICSettings(buildHistoryFile=C:\Users\Gowthami\RideSharingApplication\app\build\kotlin\compileDebugKotlin\local-state\build-history.bin, useModuleDetection=true), usePreciseJavaTracking=true, icFeatures=IncrementalCompilationFeatures(withAbiSnapshot=false, preciseCompilationResultsBackup=true, keepIncrementalCompilationCachesInMemory=true, enableUnsafeIncrementalCompilationForMultiplatform=false), outputFiles=[C:\Users\Gowthami\RideSharingApplication\app\build\tmp\kotlin-classes\debug, C:\Users\Gowthami\RideSharingApplication\app\build\kotlin\compileDebugKotlin\cacheable, C:\Users\Gowthami\RideSharingApplication\app\build\kotlin\compileDebugKotlin\local-state])

> Task :app:checkDebugDuplicateClasses UP-TO-DATE
Caching disabled for task ':app:checkDebugDuplicateClasses' because:
  Build cache is disabled
  Caching has been disabled for the task
Skipping task ':app:checkDebugDuplicateClasses' as it is up-to-date.
Resolve mutations for :app:desugarDebugFileDependencies (Thread[Execution worker Thread 6,5,main]) started.
:app:desugarDebugFileDependencies (Thread[Execution worker Thread 6,5,main]) started.

> Task :app:desugarDebugFileDependencies UP-TO-DATE
Caching disabled for task ':app:desugarDebugFileDependencies' because:
  Build cache is disabled
Skipping task ':app:desugarDebugFileDependencies' as it is up-to-date.
Resolve mutations for :app:mergeExtDexDebug (Thread[Execution worker Thread 6,5,main]) started.
:app:mergeExtDexDebug (Thread[Execution worker Thread 6,5,main]) started.
Resolve mutations for :app:mergeLibDexDebug (Thread[Execution worker Thread 4,5,main]) started.
:app:mergeLibDexDebug (Thread[Execution worker Thread 3,5,main]) started.

> Task :app:mergeLibDexDebug UP-TO-DATE
Caching disabled for task ':app:mergeLibDexDebug' because:
  Build cache is disabled
Skipping task ':app:mergeLibDexDebug' as it is up-to-date.
Resolve mutations for :app:mergeDebugJniLibFolders (Thread[Execution worker Thread 3,5,main]) started.
:app:mergeDebugJniLibFolders (Thread[Execution worker Thread 3,5,main]) started.

> Task :app:mergeDebugJniLibFolders UP-TO-DATE
Caching disabled for task ':app:mergeDebugJniLibFolders' because:
  Build cache is disabled
  Simple merging task
Skipping task ':app:mergeDebugJniLibFolders' as it is up-to-date.
Resolve mutations for :app:mergeDebugNativeLibs (Thread[Execution worker Thread 4,5,main]) started.
:app:mergeDebugNativeLibs (Thread[Execution worker Thread 4,5,main]) started.

> Task :app:mergeDebugNativeLibs UP-TO-DATE
Caching disabled for task ':app:mergeDebugNativeLibs' because:
  Build cache is disabled
  Caching has been disabled for the task
Skipping task ':app:mergeDebugNativeLibs' as it is up-to-date.
Resolve mutations for :app:stripDebugDebugSymbols (Thread[Execution worker Thread 4,5,main]) started.
:app:stripDebugDebugSymbols (Thread[included builds,5,main]) started.

> Task :app:stripDebugDebugSymbols UP-TO-DATE
Caching disabled for task ':app:stripDebugDebugSymbols' because:
  Build cache is disabled
  Caching has been disabled for the task
Skipping task ':app:stripDebugDebugSymbols' as it is up-to-date.
Resolve mutations for :app:validateSigningDebug (Thread[included builds,5,main]) started.
:app:validateSigningDebug (Thread[included builds,5,main]) started.

> Task :app:validateSigningDebug UP-TO-DATE
Caching disabled for task ':app:validateSigningDebug' because:
  Build cache is disabled
  Caching has been disabled for the task
Skipping task ':app:validateSigningDebug' as it is up-to-date.
Resolve mutations for :app:writeDebugAppMetadata (Thread[included builds,5,main]) started.
:app:writeDebugAppMetadata (Thread[included builds,5,main]) started.

> Task :app:writeDebugAppMetadata UP-TO-DATE
Caching disabled for task ':app:writeDebugAppMetadata' because:
  Build cache is disabled
  Caching has been disabled for the task
Skipping task ':app:writeDebugAppMetadata' as it is up-to-date.
Resolve mutations for :app:writeDebugSigningConfigVersions (Thread[included builds,5,main]) started.
:app:writeDebugSigningConfigVersions (Thread[included builds,5,main]) started.

> Task :app:writeDebugSigningConfigVersions UP-TO-DATE
Caching disabled for task ':app:writeDebugSigningConfigVersions' because:
  Build cache is disabled
  Caching has been disabled for the task
Skipping task ':app:writeDebugSigningConfigVersions' as it is up-to-date.

> Task :app:mergeExtDexDebug
Caching disabled for task ':app:mergeExtDexDebug' because:
  Build cache is disabled
Task ':app:mergeExtDexDebug' is not up-to-date because:
  Class path of task ':app:mergeExtDexDebug' has changed from 30e4a125ec11ceac01cf9488e0c787dd to 56b8d6ffe274857ccddc80e8d39b3512.
The input changes require a full rebuild for incremental task ':app:mergeExtDexDebug'.
Merging to 'C:\Users\Gowthami\RideSharingApplication\app\build\intermediates\dex\debug\mergeExtDexDebug' with D8 from all or a subset of dex files in C:\Users\Gowthami\.gradle\caches\8.13\transforms\e65a9816fad281319c0347ca2e0f179f\transformed\hilt-navigation-compose-1.3.0-runtime, C:\Users\Gowthami\.gradle\caches\8.13\transforms\4084eeca678e5f7ce3180d3818b5f7a7\transformed\hilt-lifecycle-viewmodel-compose-1.3.0-runtime, C:\Users\Gowthami\.gradle\caches\8.13\transforms\7b4934161c69ac11cbe8a2abb52564bd\transformed\hilt-lifecycle-viewmodel-1.3.0-runtime, C:\Users\Gowthami\.gradle\caches\8.13\transforms\e8ea6a6d894f42ece772d1ff38694eae\transformed\hilt-android-2.57.2-runtime, C:\Users\Gowthami\.gradle\caches\8.13\transforms\5a2277353005f1f0f3cc1ef2b235ac3f\transformed\navigation-runtime-release-runtime, C:\Users\Gowthami\.gradle\caches\8.13\transforms\62abfd0f0f4c3bc524267e637606a489\transformed\navigation-common-release-runtime, C:\Users\Gowthami\.gradle\caches\8.13\transforms\8d60530bf200527af5d828a8a040c86f\transformed\navigation-compose-release-runtime, C:\Users\Gowthami\.gradle\caches\8.13\transforms\80fd9219537eb693cfe5a69b13968dae\transformed\places-5.0.0-runtime, C:\Users\Gowthami\.gradle\caches\8.13\transforms\cd7710f2fc4f45893e12c657c16df608\transformed\material-1.12.0-runtime, C:\Users\Gowthami\.gradle\caches\8.13\transforms\3d27a80b63f765f0fedc0e41c5c54d14\transformed\firebase-auth-23.2.0-runtime, C:\Users\Gowthami\.gradle\caches\8.13\transforms\240155281def3e4c6de12fb1212a97c4\transformed\credentials-play-services-auth-1.5.0-runtime, C:\Users\Gowthami\.gradle\caches\8.13\transforms\5fcddf9a35a12e3d592c747d541e0816\transformed\googleid-1.1.1-runtime, C:\Users\Gowthami\.gradle\caches\8.13\transforms\2ce21f666a7ebd0d696707dd38ba118a\transformed\credentials-1.5.0-runtime, C:\Users\Gowthami\.gradle\caches\8.13\transforms\a69331d7a72bb652b4fdd8851c5fb3d8\transformed\biometric-1.1.0-runtime, C:\Users\Gowthami\.gradle\caches\8.13\transforms\6b0933a047594ceed70f7cf8bfcc4213\transformed\constraintlayout-2.1.4-runtime, C:\Users\Gowthami\.gradle\caches\8.13\transforms\5ef9ea7af3fc9ffb4e41c1a64c2f46bf\transformed\coil-compose-2.7.0-runtime, C:\Users\Gowthami\.gradle\caches\8.13\transforms\ade143ef199be2871b8c9817e023a026\transformed\coil-compose-base-2.7.0-runtime, C:\Users\Gowthami\.gradle\caches\8.13\transforms\452378baddd9bce480e32dcf75131f79\transformed\coil-2.7.0-runtime, C:\Users\Gowthami\.gradle\caches\8.13\transforms\5a191b1676d85b9066587c1f65aa5d7e\transformed\coil-base-2.7.0-runtime, C:\Users\Gowthami\.gradle\caches\8.13\transforms\ed495d8f9ff46a3e7aa886bade776380\transformed\appcompat-resources-1.6.1-runtime, C:\Users\Gowthami\.gradle\caches\8.13\transforms\3738ef00e016afa8c5dad6cd578d1d8c\transformed\appcompat-1.6.1-runtime, C:\Users\Gowthami\.gradle\caches\8.13\transforms\c360fc2357e0b8cc26f5131cd7748c50\transformed\maps-compose-4.4.1-runtime, C:\Users\Gowthami\.gradle\caches\8.13\transforms\e5b551019bf938372cf256c21d86037e\transformed\maps-ktx-5.0.0-runtime, C:\Users\Gowthami\.gradle\caches\8.13\transforms\46c9496637fd78f0c7bcea3513148b8d\transformed\play-services-maps-19.2.0-runtime, C:\Users\Gowthami\.gradle\caches\8.13\transforms\ceb3ebdf56b463319b4f32abbabe721a\transformed\play-services-location-21.3.0-runtime, C:\Users\Gowthami\.gradle\caches\8.13\transforms\9399cbd2169638023a857bd23bc49717\transformed\play-services-auth-21.1.1-runtime, C:\Users\Gowthami\.gradle\caches\8.13\transforms\d886ea7bb6c68d67d58623abb0826dcc\transformed\play-services-auth-blockstore-16.4.0-runtime, C:\Users\Gowthami\.gradle\caches\8.13\transforms\4b7245779a9a0b6ff5402f26c3df860b\transformed\play-services-fido-21.0.0-runtime, C:\Users\Gowthami\.gradle\caches\8.13\transforms\f95cef0cc806765723b6e496e95519cf\transformed\play-services-identity-credentials-16.0.0-alpha02-runtime, C:\Users\Gowthami\.gradle\caches\8.13\transforms\67afd2120f2b9437cde58991743e9c90\transformed\play-services-auth-api-phone-18.0.2-runtime, C:\Users\Gowthami\.gradle\caches\8.13\transforms\73c783bc32df67c9c1da9d7884d9f9c2\transformed\firebase-appcheck-interop-17.0.0-runtime, C:\Users\Gowthami\.gradle\caches\8.13\transforms\e244b8520d01ad7da8b963ce58a9cb50\transformed\play-services-auth-base-18.0.10-runtime, C:\Users\Gowthami\.gradle\caches\8.13\transforms\b440a94eebf23123674bdabf392f238b\transformed\play-services-base-18.5.0-runtime, C:\Users\Gowthami\.gradle\caches\8.13\transforms\d9203557bdb316d82923581fa54fc80a\transformed\work-runtime-2.11.0-runtime, C:\Users\Gowthami\.gradle\caches\8.13\transforms\2853642adc803d79ed626b37bbbf29f0\transformed\room-common-jvm-2.8.4, C:\Users\Gowthami\.gradle\caches\8.13\transforms\ac7545c8dd462dab9c0d93196a60d727\transformed\room-runtime-runtime, C:\Users\Gowthami\.gradle\caches\8.13\transforms\c5a7421415dbece975dbd052898258fc\transformed\viewpager2-1.1.0-runtime, C:\Users\Gowthami\.gradle\caches\8.13\transforms\aac452878c63fdc7a7c17d72106e6bf2\transformed\recyclerview-1.3.2-runtime, C:\Users\Gowthami\.gradle\caches\8.13\transforms\9467bc3d94950d34061ad65f9c7f2ebb\transformed\coordinatorlayout-1.1.0-runtime, C:\Users\Gowthami\.gradle\caches\8.13\transforms\711492d30633767f14f0a329e077e80b\transformed\drawerlayout-1.1.1-runtime, C:\Users\Gowthami\.gradle\caches\8.13\transforms\00c9149e159c49750602fbb65363237a\transformed\transition-1.5.0-runtime, C:\Users\Gowthami\.gradle\caches\8.13\transforms\5d8d53d001778e645b623cf754f89745\transformed\dynamicanimation-1.0.0-runtime, C:\Users\Gowthami\.gradle\caches\8.13\transforms\d01721c5a10aa1df0ae0ff328d76a2b8\transformed\glide-4.11.0-runtime, C:\Users\Gowthami\.gradle\caches\8.13\transforms\5e3054b0e01ea20142759e9d77d4daa6\transformed\vectordrawable-animated-1.1.0-runtime, C:\Users\Gowthami\.gradle\caches\8.13\transforms\b5fdabc5977f20814f17d8d4826cc199\transformed\vectordrawable-1.1.0-runtime, C:\Users\Gowthami\.gradle\caches\8.13\transforms\8884d9c68356ae1963ae9960c15df031\transformed\browser-1.4.0-runtime, C:\Users\Gowthami\.gradle\caches\8.13\transforms\06377d55fb0ae3fca0202af2cdd9822e\transformed\viewpager-1.0.0-runtime, C:\Users\Gowthami\.gradle\caches\8.13\transforms\2193a2f9f3b002aee67a34b07cd804dd\transformed\customview-1.1.0-runtime, C:\Users\Gowthami\.gradle\caches\8.13\transforms\e8f7b39cf421222b593f56cbd11d00fb\transformed\legacy-support-core-utils-1.0.0-runtime, C:\Users\Gowthami\.gradle\caches\8.13\transforms\c9c85d7583b4841606c9d5aae2fcef7c\transformed\loader-1.0.0-runtime, C:\Users\Gowthami\.gradle\caches\8.13\transforms\ebbc35dff97d94d592d74a18e7f3f9f4\transformed\navigationevent-runtime, C:\Users\Gowthami\.gradle\caches\8.13\transforms\5a12fd637f78a2f69814aa07c3d5497a\transformed\navigationevent-compose-runtime, C:\Users\Gowthami\.gradle\caches\8.13\transforms\a58e45546f079cbdc6b63625034a4359\transformed\material3-release-runtime, C:\Users\Gowthami\.gradle\caches\8.13\transforms\034f79f9fd4521687277c70401cb09f8\transformed\accompanist-drawablepainter-0.32.0-runtime, C:\Users\Gowthami\.gradle\caches\8.13\transforms\7615264b2a144f241509a1e631dbbf10\transformed\material-icons-extended-release-runtime, C:\Users\Gowthami\.gradle\caches\8.13\transforms\45fb29e12411a331f7a1d8f7c17167ad\transformed\material-ripple-release-runtime, C:\Users\Gowthami\.gradle\caches\8.13\transforms\cc14d23f086dc8acce2abbff8c700c68\transformed\ui-tooling-data-runtime, C:\Users\Gowthami\.gradle\caches\8.13\transforms\e39aaab3db2cf2e47523472d1c967cd7\transformed\ui-tooling-preview-runtime, C:\Users\Gowthami\.gradle\caches\8.13\transforms\0b437f386daf7b0288828aa01ac2f5b7\transformed\foundation-release-runtime, C:\Users\Gowthami\.gradle\caches\8.13\transforms\11b79a2cc97fbacb4162a55ce635f975\transformed\foundation-layout-runtime, C:\Users\Gowthami\.gradle\caches\8.13\transforms\8ff10c907a770596af92f8423ecf500a\transformed\animation-core-runtime, C:\Users\Gowthami\.gradle\caches\8.13\transforms\e00c00cfb6b9d04119b9d3c291a42982\transformed\animation-runtime, C:\Users\Gowthami\.gradle\caches\8.13\transforms\b3d93cbb2ad135b4d89079bf61ffc07d\transformed\ui-util-runtime, C:\Users\Gowthami\.gradle\caches\8.13\transforms\ff1ab852db4fa8f55f8c5a470454c65c\transformed\ui-unit-runtime, C:\Users\Gowthami\.gradle\caches\8.13\transforms\ab867ddc75e2854061872a3407a08908\transformed\ui-text-runtime, C:\Users\Gowthami\.gradle\caches\8.13\transforms\730fe89526a3c9f51ca09e579a486123\transformed\ui-graphics-release-runtime, C:\Users\Gowthami\.gradle\caches\8.13\transforms\3b8fc2b961118425e5f8d5be947a12c7\transformed\ui-geometry-runtime, C:\Users\Gowthami\.gradle\caches\8.13\transforms\bb771024875b7b9d6fbf55913835ad24\transformed\ui-tooling-runtime, C:\Users\Gowthami\.gradle\caches\8.13\transforms\d8fc2fdaad8c23b7e25e50ed0085b122\transformed\material-release-runtime, C:\Users\Gowthami\.gradle\caches\8.13\transforms\99ad43d4ddc20a4c37f0ac11cb618be3\transformed\material-icons-core-release-runtime, C:\Users\Gowthami\.gradle\caches\8.13\transforms\379e1bca11b2f81a70fdc031e6c7fcab\transformed\ui-release-runtime, C:\Users\Gowthami\.gradle\caches\8.13\transforms\6e6ab1f7b3cdcca5c615cc8be01529e5\transformed\autofill-1.0.0-runtime, C:\Users\Gowthami\.gradle\caches\8.13\transforms\dd63598218b335adae6645a88630f935\transformed\graphics-path-1.0.1-runtime, C:\Users\Gowthami\.gradle\caches\8.13\transforms\8e837497f789ec51d47c70ec2603f92b\transformed\emoji2-views-helper-1.4.0-runtime, C:\Users\Gowthami\.gradle\caches\8.13\transforms\25b98a32313d13af92db728574c0245e\transformed\emoji2-1.4.0-runtime, C:\Users\Gowthami\.gradle\caches\8.13\transforms\e64c30a7102aa43ec03ec91ae543a5e9\transformed\core-1.18.0-runtime, C:\Users\Gowthami\.gradle\caches\8.13\transforms\19e18573a72e3cf420c47fab1b3fa7ce\transformed\lifecycle-process-2.10.0-runtime, C:\Users\Gowthami\.gradle\caches\8.13\transforms\cc070904459740d0cc565eea2624adf1\transformed\lifecycle-viewmodel-savedstate-runtime, C:\Users\Gowthami\.gradle\caches\8.13\transforms\ac3d8fb4bc2a98a59c7f4271ef2b48ac\transformed\lifecycle-viewmodel-runtime, C:\Users\Gowthami\.gradle\caches\8.13\transforms\d7d6812bdeac12bcc90c68977ba73aca\transformed\runtime-annotation-runtime, C:\Users\Gowthami\.gradle\caches\8.13\transforms\e82bc882215a9c63fbe498e53851d75f\transformed\runtime-runtime, C:\Users\Gowthami\.gradle\caches\8.13\transforms\424ff8a2802dc689033c11b6c6e358df\transformed\runtime-saveable-runtime, C:\Users\Gowthami\.gradle\caches\8.13\transforms\71c97412e79ccbd131208161e665264e\transformed\savedstate-compose-runtime, C:\Users\Gowthami\.gradle\caches\8.13\transforms\e22aefabcd526d3cb2ac540fec8400e3\transformed\savedstate-runtime, C:\Users\Gowthami\.gradle\caches\8.13\transforms\b2d768963d4cc0979b18174014aa0d8a\transformed\lifecycle-common-jvm-2.10.0, C:\Users\Gowthami\.gradle\caches\8.13\transforms\2f307f89d8f5e04aa1e8e9adf98efb52\transformed\lifecycle-runtime-runtime, C:\Users\Gowthami\.gradle\caches\8.13\transforms\0dc42fa25e4d99782a1e0617dfce2878\transformed\lifecycle-service-2.10.0-runtime, C:\Users\Gowthami\.gradle\caches\8.13\transforms\34ed40bdecd752c97c734385e7b36120\transformed\lifecycle-livedata-2.10.0-runtime, C:\Users\Gowthami\.gradle\caches\8.13\transforms\0661eff7448de84aa3ea2a76a802c040\transformed\lifecycle-livedata-core-2.10.0-runtime, C:\Users\Gowthami\.gradle\caches\8.13\transforms\9c97e69a945164a20c96191e323b6d12\transformed\lifecycle-runtime-compose-runtime, C:\Users\Gowthami\.gradle\caches\8.13\transforms\3d7c827fe55084062eb5f1cbf5d60856\transformed\lifecycle-viewmodel-compose-runtime, C:\Users\Gowthami\.gradle\caches\8.13\transforms\a4662cf14f7aa30a9182cfaf22e8fd09\transformed\recaptcha-18.6.1-runtime, C:\Users\Gowthami\.gradle\caches\8.13\transforms\50db9df79ec173e922e0237e200e6b3a\transformed\kotlinx-coroutines-android-1.9.0, C:\Users\Gowthami\.gradle\caches\8.13\transforms\1eda07e81b513ce63c623f5f17d67748\transformed\datastore-preferences-external-protobuf-1.2.0, C:\Users\Gowthami\.gradle\caches\8.13\transforms\d8a83a2fe1f80676e7446ca6a46fec35\transformed\datastore-core-okio-jvm-1.2.0, C:\Users\Gowthami\.gradle\caches\8.13\transforms\9b708748b6fc1c899dbb17e19cb35817\transformed\datastore-core-runtime, C:\Users\Gowthami\.gradle\caches\8.13\transforms\dce07f3e67e1004a541165c74d8661ef\transformed\datastore-preferences-proto-1.2.0, C:\Users\Gowthami\.gradle\caches\8.13\transforms\e021afbd3587ec1e7d663fb41f60e796\transformed\datastore-preferences-core-runtime, C:\Users\Gowthami\.gradle\caches\8.13\transforms\8d980362876d11903fc61a79e2f800c6\transformed\datastore-runtime, C:\Users\Gowthami\.gradle\caches\8.13\transforms\24bf44ace555a32ec525da39829128f4\transformed\datastore-preferences-runtime, C:\Users\Gowthami\.gradle\caches\8.13\transforms\7bbd57972066db892562e21f0f754985\transformed\concurrent-futures-ktx-1.1.0, C:\Users\Gowthami\.gradle\caches\8.13\transforms\dee92737dc71ad014a479a85c56dfe1b\transformed\kotlinx-coroutines-core-jvm-1.9.0, C:\Users\Gowthami\.gradle\caches\8.13\transforms\e9b57297bc529c477b0461e32c3f34ca\transformed\firebase-auth-interop-20.0.0-runtime, C:\Users\Gowthami\.gradle\caches\8.13\transforms\f2208e0cc42fe6055e26b7544458fb06\transformed\firebase-common-ktx-21.0.0-runtime, C:\Users\Gowthami\.gradle\caches\8.13\transforms\3e3f2c178f8b9ea539147d50ef8b02ab\transformed\firebase-common-21.0.0-runtime, C:\Users\Gowthami\.gradle\caches\8.13\transforms\2761915a984780424dd185d9486b85e6\transformed\kotlinx-coroutines-play-services-1.9.0, C:\Users\Gowthami\.gradle\caches\8.13\transforms\972ff90cfd4992f4eb73dd681cf3c3dd\transformed\integrity-1.3.0-runtime, C:\Users\Gowthami\.gradle\caches\8.13\transforms\b39439eef013a65149e51f0403238213\transformed\play-services-tasks-18.2.0-runtime, C:\Users\Gowthami\.gradle\caches\8.13\transforms\2eb0cc400b0894a28e5af77e56f81fd6\transformed\play-services-basement-18.4.0-runtime, C:\Users\Gowthami\.gradle\caches\8.13\transforms\304f75605e3f355b64b13b872d48f7dd\transformed\fragment-1.5.7-runtime, C:\Users\Gowthami\.gradle\caches\8.13\transforms\aa35ee9ceb4114d72a46ba7a194bf0ef\transformed\activity-1.13.0-runtime, C:\Users\Gowthami\.gradle\caches\8.13\transforms\bd27365525fe528d8b2bc6e79fae9fe0\transformed\activity-compose-1.13.0-runtime, C:\Users\Gowthami\.gradle\caches\8.13\transforms\62f32469a7c09c6395e4c0f27a51073d\transformed\customview-poolingcontainer-1.0.0-runtime, C:\Users\Gowthami\.gradle\caches\8.13\transforms\d7892adce12299f3e21fe44e4bd33913\transformed\core-ktx-1.18.0-runtime, C:\Users\Gowthami\.gradle\caches\8.13\transforms\d5d16373f438f37e3669e0c801814fc1\transformed\core-viewtree-1.0.0-runtime, C:\Users\Gowthami\.gradle\caches\8.13\transforms\22af81f7c32ab7d7f9b14749e810f0a4\transformed\annotation-experimental-1.5.0-runtime, C:\Users\Gowthami\.gradle\caches\8.13\transforms\c048a957ce9171bb08549337c63dcb73\transformed\converter-gson-2.11.0, C:\Users\Gowthami\.gradle\caches\8.13\transforms\219b9944f0ee76d8853b04aba21bd286\transformed\retrofit-2.11.0, C:\Users\Gowthami\.gradle\caches\8.13\transforms\7fb65483981551a606317618c8ee21fd\transformed\logging-interceptor-4.12.0, C:\Users\Gowthami\.gradle\caches\8.13\transforms\f8a8c9f7e972472d9df0d2673d4234b0\transformed\okhttp-4.12.0, C:\Users\Gowthami\.gradle\caches\8.13\transforms\ada13bfdb480fab62dcf4e20ee0d965d\transformed\profileinstaller-1.4.0-runtime, C:\Users\Gowthami\.gradle\caches\8.13\transforms\549244c15210b0d09c102e8411b05df6\transformed\startup-runtime-1.1.1-runtime, C:\Users\Gowthami\.gradle\caches\8.13\transforms\29e99619e15d84255c7a92e3750fc73c\transformed\tracing-1.2.0-runtime, C:\Users\Gowthami\.gradle\caches\8.13\transforms\1a339aeb14e284b95435230880f10184\transformed\tracing-ktx-1.2.0-runtime, C:\Users\Gowthami\.gradle\caches\8.13\transforms\17a4b3b9dba4acdad4dc9025f6d4234e\transformed\cardview-1.0.0-runtime, C:\Users\Gowthami\.gradle\caches\8.13\transforms\5c12e1be8910784288f1231895cac408\transformed\transport-backend-cct-3.2.0-runtime, C:\Users\Gowthami\.gradle\caches\8.13\transforms\1689ac033c26ba1e193275496d06f54e\transformed\transport-runtime-3.2.0-runtime, C:\Users\Gowthami\.gradle\caches\8.13\transforms\1fa1d1660792a8c367624a65df64669a\transformed\transport-api-3.1.0-runtime, C:\Users\Gowthami\.gradle\caches\8.13\transforms\f7ba7f44554bd3e449e7241c04ba3fce\transformed\interpolator-1.0.0-runtime, C:\Users\Gowthami\.gradle\caches\8.13\transforms\8d3b2ccfee497cea6530d6012a2a9d75\transformed\versionedparcelable-1.1.1-runtime, C:\Users\Gowthami\.gradle\caches\8.13\transforms\92637d9bbf1de1263021de026781ccb6\transformed\core-runtime-2.2.0-runtime, C:\Users\Gowthami\.gradle\caches\8.13\transforms\e2ec34b2d80f127f74ca5c0055765cc5\transformed\viewbinding-7.4.2-runtime, C:\Users\Gowthami\.gradle\caches\8.13\transforms\300ae6be048c4727ca696988f08bbf87\transformed\gifdecoder-4.11.0-runtime, C:\Users\Gowthami\.gradle\caches\8.13\transforms\a199db466b24af68d2ffd6a549584406\transformed\firebase-encoders-json-18.0.0-runtime, C:\Users\Gowthami\.gradle\caches\8.13\transforms\18b588460a396dd945c0d33ca236f267\transformed\firebase-encoders-proto-16.0.0, C:\Users\Gowthami\.gradle\caches\8.13\transforms\3462184bcf42d2e44b468ee88342938f\transformed\firebase-encoders-17.0.0, C:\Users\Gowthami\.gradle\caches\8.13\transforms\5b592d98ea3f6e1a17e88fcb24854dd6\transformed\resourceinspection-annotation-1.0.1, C:\Users\Gowthami\.gradle\caches\8.13\transforms\a32b7b58dab4b8727c1ec8b026876b11\transformed\localbroadcastmanager-1.0.0-runtime, C:\Users\Gowthami\.gradle\caches\8.13\transforms\95f6bdbec7139d4e9bc09b435edfd7c0\transformed\firebase-components-18.0.0-runtime, C:\Users\Gowthami\.gradle\caches\8.13\transforms\f2b2e85ede828ed82573317c2e4bd424\transformed\concurrent-futures-1.1.0, C:\Users\Gowthami\.gradle\caches\8.13\transforms\0b82923fbab38c83c79a64af9e1bffae\transformed\collection-jvm-1.5.0, C:\Users\Gowthami\.gradle\caches\8.13\transforms\f6ec85ed59da029390d1ebd6713d43ef\transformed\core-common-2.2.0, C:\Users\Gowthami\.gradle\caches\8.13\transforms\5acbad2d488e34fccb74082f0822e6e5\transformed\sqlite-framework-runtime, C:\Users\Gowthami\.gradle\caches\8.13\transforms\7267009456415ebdd0a79690b61f02da\transformed\sqlite-runtime, C:\Users\Gowthami\.gradle\caches\8.13\transforms\4bb92423d11c2873d2888d966f273ffa\transformed\cursoradapter-1.0.0-runtime, C:\Users\Gowthami\.gradle\caches\8.13\transforms\62f461e76194e87db3b03e7da8c691ba\transformed\exifinterface-1.3.7-runtime, C:\Users\Gowthami\.gradle\caches\8.13\transforms\ad7135971c8902eb2145e38b9b189e7e\transformed\documentfile-1.0.0-runtime, C:\Users\Gowthami\.gradle\caches\8.13\transforms\9a05f746804652e4b8a2fc8f912eebdc\transformed\print-1.0.0-runtime, C:\Users\Gowthami\.gradle\caches\8.13\transforms\9b53e31fc19fdcadcb5c8561c0c6fad6\transformed\annotation-jvm-1.9.1, C:\Users\Gowthami\.gradle\caches\8.13\transforms\764a85fe0f3f7fd03fe6716414736793\transformed\kotlinx-serialization-json-jvm-1.7.3, C:\Users\Gowthami\.gradle\caches\8.13\transforms\d89994ab3c988a187ecabfc0c7ad756c\transformed\kotlinx-serialization-core-jvm-1.7.3, C:\Users\Gowthami\.gradle\caches\8.13\transforms\862fb19b255ba2942f8873d38536ba02\transformed\okhttp-2.7.2, C:\Users\Gowthami\.gradle\caches\8.13\transforms\f1bae070f1109aec671ada15721cab41\transformed\okio-jvm-3.9.1, C:\Users\Gowthami\.gradle\caches\8.13\transforms\c9d52d77ee267cbe151192c6b4f5fd49\transformed\kotlin-stdlib-2.1.21, C:\Users\Gowthami\.gradle\caches\8.13\transforms\3eee3d1f012471b7538f843eca29edf3\transformed\annotations-23.0.0, C:\Users\Gowthami\.gradle\caches\8.13\transforms\56a1179c185e17aa0e635421d2ef06e8\transformed\hilt-core-2.57.2, C:\Users\Gowthami\.gradle\caches\8.13\transforms\4316ce316282d92646d30019ff10c50c\transformed\dagger-2.57.2, C:\Users\Gowthami\.gradle\caches\8.13\transforms\08770f6342b4b5fb1c9b805bb0c36876\transformed\guava-33.3.0-android, C:\Users\Gowthami\.gradle\caches\8.13\transforms\0e7e6570e5eb9dde465daadfed0ef762\transformed\jsr305-3.0.2, C:\Users\Gowthami\.gradle\caches\8.13\transforms\c46874d71a65884f37cb8555be30c5a3\transformed\firebase-annotations-16.2.0, C:\Users\Gowthami\.gradle\caches\8.13\transforms\a2af204389ee615c26d712b4e12c2798\transformed\javax.inject-1, C:\Users\Gowthami\.gradle\caches\8.13\transforms\064a3f602a8f3d37d10c1227ee3fd605\transformed\volley-1.2.1-runtime, C:\Users\Gowthami\.gradle\caches\8.13\transforms\c3432fa7c0f079f9c34d5d0189120d96\transformed\auto-value-annotations-1.6.2, C:\Users\Gowthami\.gradle\caches\8.13\transforms\a3e766b7e290b9193feae89de88cbd0a\transformed\gson-2.10.1, C:\Users\Gowthami\.gradle\caches\8.13\transforms\7c1cebd012e9ed6780780615d509404e\transformed\jspecify-1.0.0, C:\Users\Gowthami\.gradle\caches\8.13\transforms\82aca58df090a55ce815f28a2ddcebf7\transformed\jakarta.inject-api-2.0.1, C:\Users\Gowthami\.gradle\caches\8.13\transforms\cffe9208eb734201ff9d5dd2197479f5\transformed\constraintlayout-core-1.0.4, C:\Users\Gowthami\.gradle\caches\8.13\transforms\21d3f7a333781b83e562ebf331f6ac04\transformed\disklrucache-4.11.0, C:\Users\Gowthami\.gradle\caches\8.13\transforms\70962eca8132a2700eed5a1baff04fc1\transformed\annotations-4.11.0, C:\Users\Gowthami\.gradle\caches\8.13\transforms\2e474af10b8f147a435841f56871f732\transformed\error_prone_annotations-2.28.0, C:\Users\Gowthami\.gradle\caches\8.13\transforms\cc31a4faa8632eb532207ca728ae322c\transformed\failureaccess-1.0.2, C:\Users\Gowthami\.gradle\caches\8.13\transforms\478e63048835e4f42a6cdfbab7e791e0\transformed\checker-qual-3.43.0, C:\Users\Gowthami\.gradle\caches\8.13\transforms\832f08176c6edb32a3bfa9659943b6ce\transformed\core-common-2.0.3-runtime, and from all global synthetics files in 

> Task :app:compileDebugKotlin FAILED
.\gradlew : e: file:///C:/Users/Gowthami/RideSharingApplication/app/src/main/java/com/example/ridesharingapplication/pr
esentation/screens/RideScreens.kt:339:33 Destructuring of type 'java.io.Serializable' requires operator function 
'component1()'.
At line:1 char:1
+ .\gradlew assembleDebug --no-daemon --info 2>&1 | Tee-Object -FilePat ...
+ ~~~~~~~~~~~~~~~~~~~~~~~~~~~~~~~~~~~~~~~~~~~~~~~
    + CategoryInfo          : NotSpecified: (e: file:///C:/U...'component1()'.:String) [], RemoteException
    + FullyQualifiedErrorId : NativeCommandError
 
e: file:///C:/Users/Gowthami/RideSharingApplication/app/src/main/java/com/example/ridesharingapplication/presentation/s
creens/RideScreens.kt:339:33 Destructuring of type 'java.io.Serializable' requires operator function 'component2()'.
Finished executing kotlin compiler using DAEMON strategy

FAILURE: Build failed with an exception.

* What went wrong:
Execution failed for task ':app:compileDebugKotlin'.
> A failure occurred while executing 
org.jetbrains.kotlin.compilerRunner.GradleCompilerRunnerWithWorkers$GradleKotlinCompilerWorkAction
   > Compilation error. See log for more details

* Try:
> Run with --stacktrace option to get the stack trace.
> Run with --debug option to get more log output.
> Run with --scan to get full insights.
> Get more help at https://help.gradle.org.

BUILD FAILED in 1m 31s
32 actionable tasks: 2 executed, 30 up-to-date
Watched directory hierarchies: [C:\Users\Gowthami\RideSharingApplication]
